// Jest Snapshot v1, https://goo.gl/fbAQLP

exports[`login renders properly 1`] = `
"<div class=\\"container\\" label=\\"Job Title\\" value=\\"Full Stack Web Developer\\">
  <div>
    <h1>Login</h1> <span><auth-stub></auth-stub></span>
  </div>
</div>"
`;
