// Jest Snapshot v1, https://goo.gl/fbAQLP

exports[`newsletter renders properly 1`] = `
"<div class=\\"container\\">
  <div class=\\"row\\">
    <div class=\\"col\\">
      <h1>newsletter.heading</h1>
    </div>
  </div>
  <div id=\\"mc_embed_signup\\">
    <form id=\\"mc-embedded-subscribe-form\\" action=\\"https://pocketpasta.us16.list-manage.com/subscribe/post?u=7f69c361c7f5d97725d2e339b&amp;id=c821016b08\\" method=\\"post\\" name=\\"mc-embedded-subscribe-form\\" target=\\"_blank\\" novalidate=\\"novalidate\\" class=\\"validate\\">
      <div id=\\"mc_embed_signup_scroll\\">
        <div class=\\"indicates-required text-right\\"><span class=\\"asterisk text-danger\\">*</span>
          newsletter.required
        </div>
        <div class=\\"mc-field-group form-group pb-4\\"><label for=\\"mce-EMAIL\\">
            newsletter.email.label
            <span class=\\"asterisk text-danger\\">*</span></label>
          <v-text-field-stub errorcount=\\"1\\" errormessages=\\"\\" messages=\\"\\" rules=\\"\\" successmessages=\\"\\" backgroundcolor=\\"\\" id=\\"mce-EMAIL\\" loaderheight=\\"2\\" clearicon=\\"$clear\\" placeholder=\\"newsletter.email.placeholder\\" type=\\"email\\" name=\\"EMAIL\\" class=\\"form-control required email\\"></v-text-field-stub>
        </div>
        <div class=\\"mc-field-group form-group pb-4\\"><label for=\\"mce-FNAME\\">newsletter.firstname.label</label>
          <v-text-field-stub errorcount=\\"1\\" errormessages=\\"\\" messages=\\"\\" rules=\\"\\" successmessages=\\"\\" backgroundcolor=\\"\\" id=\\"mce-FNAME\\" loaderheight=\\"2\\" clearicon=\\"$clear\\" placeholder=\\"newsletter.firstname.placeholder\\" type=\\"text\\" name=\\"FNAME\\" class=\\"form-control\\"></v-text-field-stub>
        </div>
        <div class=\\"mc-field-group form-group pb-4\\"><label for=\\"mce-LNAME\\">newsletter.lastname.label</label>
          <v-text-field-stub errorcount=\\"1\\" errormessages=\\"\\" messages=\\"\\" rules=\\"\\" successmessages=\\"\\" backgroundcolor=\\"\\" id=\\"mce-LNAME\\" loaderheight=\\"2\\" clearicon=\\"$clear\\" placeholder=\\"newsletter.lastname.placeholder\\" type=\\"text\\" name=\\"LNAME\\" class=\\"form-control\\"></v-text-field-stub>
        </div>
        <div id=\\"mce-responses\\" class=\\"clear\\">
          <div id=\\"mce-error-response\\" class=\\"response\\" style=\\"display: none;\\"></div>
          <div id=\\"mce-success-response\\" class=\\"response\\" style=\\"display: none;\\"></div>
        </div>
        <div aria-hidden=\\"true\\" style=\\"position: absolute; left: -5000px;\\"><input type=\\"text\\" name=\\"b_7f69c361c7f5d97725d2e339b_c821016b08\\" tabindex=\\"-1\\" value=\\"\\"></div>
        <div class=\\"clear\\">
          <v-btn-stub color=\\"primary\\" tag=\\"button\\" activeclass=\\"\\" type=\\"submit\\" id=\\"mc-embedded-subscribe\\" name=\\"subscribe\\" class=\\"button\\">newsletter.submit</v-btn-stub>
        </div>
      </div>
    </form>
  </div>
</div>"
`;
