// Jest Snapshot v1, https://goo.gl/fbAQLP

exports[`profile renders properly 1`] = `
"<div class=\\"container\\">
  <client-only>
    <profile-stub></profile-stub>
  </client-only>
</div>"
`;
