// Jest Snapshot v1, https://goo.gl/fbAQLP

exports[`recipe-edit renders properly 1`] = `"<div class=\\"container\\"></div>"`;
