// Jest Snapshot v1, https://goo.gl/fbAQLP

exports[`releases page renders properly 1`] = `"<div class=\\"container bg-light\\"><div class=\\"markdown-body\\">CHANGELOG.md</div></div>"`;
