// Jest Snapshot v1, https://goo.gl/fbAQLP

exports[`recipes renders properly 1`] = `
"<div class=\\"container\\">
  <list-stub collection=\\"\\" heading=\\"Search\\" layout=\\"list\\" deep=\\"true\\" fetchonserver=\\"true\\" defaultlimit=\\"-1\\"></list-stub>
</div>"
`;
