// Jest Snapshot v1, https://goo.gl/fbAQLP

exports[`Tasks page renders properly 1`] = `
"<b-container-stub tag=\\"div\\">
  <b-row-stub tag=\\"div\\">
    <b-col-stub tag=\\"div\\">
      <h1>Tasks</h1>
      <v-data-table headers=\\"[object Object],[object Object],[object Object],[object Object]\\" items=\\"[object Object],[object Object],[object Object],[object Object],[object Object],[object Object],[object Object],[object Object],[object Object],[object Object]\\" search=\\"\\" sort-by=\\"due\\" item-key=\\"name\\" class=\\"elevation-1\\"></v-data-table>
    </b-col-stub>
  </b-row-stub>
</b-container-stub>"
`;
