// Jest Snapshot v1, https://goo.gl/fbAQLP

exports[`Menu renders properly 1`] = `"<v-menu-stub opendelay=\\"0\\" closedelay=\\"0\\" contentclass=\\"\\" maxwidth=\\"auto\\" nudgebottom=\\"0\\" nudgeleft=\\"0\\" nudgeright=\\"0\\" nudgetop=\\"0\\" nudgewidth=\\"0\\" openonclick=\\"true\\" closeonclick=\\"true\\" maxheight=\\"auto\\" offsety=\\"true\\" origin=\\"top left\\" transition=\\"v-menu-transition\\"> <v-card-stub loaderheight=\\"4\\" tag=\\"div\\"><v-list-stub tag=\\"div\\" tile=\\"true\\"><a><v-list-item-stub activeclass=\\"\\" tag=\\"div\\" avatar=\\"\\" tile=\\"\\"><v-list-item-avatar-stub size=\\"40\\"><b-img-lazy-stub src=\\"https://s.gravatar.com/avatar/79fbbc24ccdcbed0a7408da53bb32c49?s=480&amp;r=pg&amp;d=https%3A%2F%2Fcdn.auth0.com%2Favatars%2Fod.png\\" alt=\\"avatar\\" blankcolor=\\"transparent\\" offset=\\"360\\" throttle=\\"100\\" class=\\"rounded\\"></b-img-lazy-stub></v-list-item-avatar-stub> <v-list-item-content-stub><!----> <v-list-item-title-stub>damien.robinson@pocketpasta.com</v-list-item-title-stub></v-list-item-content-stub></v-list-item-stub></a></v-list-stub> <v-divider-stub></v-divider-stub> <v-list-stub tag=\\"div\\" tile=\\"true\\"><v-list-item-stub activeclass=\\"\\" tag=\\"div\\"><v-btn-stub tag=\\"button\\" activeclass=\\"\\" icon=\\"true\\" type=\\"button\\"><v-icon-stub>directions_run</v-icon-stub></v-btn-stub> <v-list-item-title-stub>layout.logout</v-list-item-title-stub></v-list-item-stub></v-list-stub></v-card-stub></v-menu-stub>"`;
