// Jest Snapshot v1, https://goo.gl/fbAQLP

exports[`Recipe renders properly 1`] = `
"<section class=\\"performance-facts\\"><header class=\\"performance-facts__header\\"><h1 class=\\"performance-facts__title\\">Nutrition Facts</h1> <p>Serving Size: </p></header> <table class=\\"performance-facts__table\\"><thead><tr><th colspan=\\"3\\" class=\\"small-info\\">
          Amount Per Serving
        </th></tr></thead> <tbody><tr><th colspan=\\"2\\"><b>Calories</b> <span></span></th> <td>
          Calories from Fat <span></span></td></tr> <tr class=\\"thick-row\\"><td colspan=\\"3\\" class=\\"small-info\\"><b>% Daily Value*</b></td></tr> <tr><th colspan=\\"2\\"><b>Total Fat</b> <span></span></th> <td></td></tr> <tr><td class=\\"blank-cell\\"></td> <th>
          Saturated Fat <span></span></th> <td></td></tr> <tr><td class=\\"blank-cell\\"></td> <th>
          Trans Fat <span></span></th> <td></td></tr> <tr><th colspan=\\"2\\"><b>Cholesterol</b> <span></span></th> <td></td></tr> <tr><th colspan=\\"2\\"><b>Sodium</b> <span></span></th> <td></td></tr> <tr><th colspan=\\"2\\"><b>Total Carbohydrate</b>
          
        </th> <td></td></tr> <tr><td class=\\"blank-cell\\"></td> <th>
          Dietary Fiber
          <span></span></th> <td></td></tr> <tr><td class=\\"blank-cell\\"></td> <th>
          Sugars
          <span></span></th> <td></td></tr> <tr class=\\"thick-end\\"><th colspan=\\"2\\"><b>Protein</b> <span></span></th> <td></td></tr></tbody></table> <p class=\\"small-info\\">
    * Percent Daily Values are based on a 2,000 calorie diet. Your daily
    values may be higher or lower depending on your calorie needs:
  </p></section>"
`;
