// Jest Snapshot v1, https://goo.gl/fbAQLP

exports[`ProfileSocial renders properly 1`] = `"<div class=\\"mb-3 profile\\"><div class=\\"col-md-12\\"><div class=\\"$col-md-6\\"><h2>Damien Robinson</h2> <key-value-stub label=\\"Job Title\\" value=\\"Full Stack Web Developer\\"></key-value-stub> <key-value-stub label=\\"About\\" value=\\"Programmer and full stack web developer at XCOM Media, Griffith University graduate. Aspiring entrepreneur with a passion for startup weekends and hackathons.\\"></key-value-stub> <keywords-stub label=\\"Skills\\" tags=\\"html5, css3, jquery, bootstrap4\\"></keywords-stub> <div class=\\"py-2 list-inline\\"><div class=\\"list-inline-item a2a_kit a2a_kit_size_32 a2a_default_style a2a_follow\\"><a data-a2a-follow=\\"Shadow81627\\" rel=\\"noopener\\" class=\\"a2a_button_twitter\\"></a> <a data-a2a-follow=\\"damien.robinson.5036\\" rel=\\"noopener\\" class=\\"a2a_button_facebook\\"></a> <a data-a2a-follow=\\"damien-robinson-788925101\\" rel=\\"noopener\\" class=\\"a2a_button_linkedin\\"></a> <a data-a2a-follow=\\"shadow81627\\" rel=\\"noopener\\" class=\\"a2a_button_youtube\\"></a> <a data-a2a-follow=\\"shadow81627\\" rel=\\"noopener\\" class=\\"a2a_button_github\\"></a></div></div></div></div></div>"`;
