// Jest Snapshot v1, https://goo.gl/fbAQLP

exports[`settings renders properly 1`] = `
"<div class=\\"container\\"><div class=\\"row\\"><div class=\\"col\\"><h1>settings.heading</h1></div></div> <div class=\\"card mb-3\\"><h2 class=\\"subheading card-header text-uppercase\\">
      settings.style.heading
    </h2> <ul class=\\"list-group list-group-flush\\"><setting-stub><theme-selector-stub aria-labelledby=\\"theme-label\\"></theme-selector-stub></setting-stub></ul></div> <div class=\\"card mb-3\\"><h2 class=\\"subheading card-header text-uppercase\\">
      settings.content.heading
    </h2> <ul class=\\"list-group list-group-flush\\"><setting-stub><lang-switcher-stub></lang-switcher-stub></setting-stub></ul></div></div>"
`;
