// Jest Snapshot v1, https://goo.gl/fbAQLP

exports[`Footer renders properly 1`] = `
"<v-footer-stub height=\\"auto\\" tag=\\"div\\" tile=\\"true\\" class=\\"hidden-print-only\\"><v-card-stub loaderheight=\\"4\\" tag=\\"div\\" color=\\"transparent\\" flat=\\"true\\"><v-card-text-stub class=\\"text-muted\\"><span>Version: 0.11.19</span> <span> a95a529a01ab4fe627cc276b35ed8f5e0c6f45d9</span></v-card-text-stub></v-card-stub> <v-spacer-stub></v-spacer-stub> <v-card-stub loaderheight=\\"4\\" tag=\\"div\\" color=\\"transparent\\" flat=\\"true\\"><v-card-text-stub class=\\"text-muted\\">This site is protected by reCAPTCHA and the Google
      <a href=\\"https://policies.google.com/privacy\\">Privacy Policy</a> and
      <a href=\\"https://policies.google.com/terms\\">Terms of Service</a> apply.
    </v-card-text-stub></v-card-stub></v-footer-stub>"
`;
