// Jest Snapshot v1, https://goo.gl/fbAQLP

exports[`ThemeSelector renders properly 1`] = `
"<span><v-select-stub errorcount=\\"1\\" errormessages=\\"\\" messages=\\"\\" rules=\\"\\" successmessages=\\"\\" appendicon=\\"$dropdown\\" backgroundcolor=\\"\\" id=\\"theme\\" label=\\"Theme\\" loaderheight=\\"2\\" clearicon=\\"$clear\\" type=\\"text\\" valuecomparator=\\"function deepEqual(a, b) {
          if (a === b) return true;

          if (a instanceof Date &amp;&amp; b instanceof Date) {
            // If the values are Date, they were convert to timestamp with getTime and compare it
            if (a.getTime() !== b.getTime()) return false;
          }

          if (a !== Object(a) || b !== Object(b)) {
            // If the values aren't objects, they were already checked for equality
            return false;
          }

          var props = Object.keys(a);

          if (props.length !== Object.keys(b).length) {
            // Different number of props, don't bother to check
            return false;
          }

          return props.every(function (p) {
            return deepEqual(a[p], b[p]);
          });
        }\\" nodatatext=\\"$vuetify.noDataText\\" items=\\"[object Object],[object Object]\\" itemcolor=\\"primary\\" itemdisabled=\\"disabled\\" itemtext=\\"text\\" itemvalue=\\"value\\" menuprops=\\"[object Object]\\" name=\\"theme\\"></v-select-stub></span>"
`;
