// Jest Snapshot v1, https://goo.gl/fbAQLP

exports[`offers page renders properly 1`] = `"<v-container-stub tag=\\"div\\"></v-container-stub>"`;
