// Jest Snapshot v1, https://goo.gl/fbAQLP

exports[`recipeDetial renders properly 1`] = `
"<div class=\\"container\\">
  <recipe-stub author=\\"[object Object]\\" aggregaterating=\\"[object Object]\\"></recipe-stub>
</div>"
`;
