// Jest Snapshot v1, https://goo.gl/fbAQLP

exports[`Credit renders properly 1`] = `"<a href=\\"https://unsplash.com/@icons8?utm_medium=referral&amp;utm_campaign=photographer-credit&amp;utm_content=creditBadge\\" target=\\"_blank\\" rel=\\"noopener noreferrer\\" title=\\"Download free do whatever you want high-resolution photos from Icons8 team\\" style=\\"background-color: black; color: white; text-decoration: none; padding: 4px 6px; font-family: -apple-system, BlinkMacSystemFont, 'San Francisco',; font-size: 12px; font-weight: bold; line-height: 1.2; display: inline-block; border-radius: 3px;\\"><span class=\\"unsplash-logo\\" style=\\"display: inline-block; padding: 2px 3px;\\"><svg xmlns=\\"http://www.w3.org/2000/svg\\" viewBox=\\"0 0 32 32\\"><title>unsplash-logo</title> <path d=\\"M10 9V0h12v9H10zm12 5h10v18H0V14h10v9h12v-9z\\"></path></svg></span><span style=\\"display: inline-block; padding: 2px 3px;\\">Icons8 team</span></a>"`;
