// Jest Snapshot v1, https://goo.gl/fbAQLP

exports[`KeyValue renders properly 1`] = `"<p><strong>Job Title:<span>&nbsp;</span></strong> <span>Full Stack Web Developer</span></p>"`;
