// Jest Snapshot v1, https://goo.gl/fbAQLP

exports[`Last Modified renders properly 1`] = `"<span></span>"`;
