// Jest Snapshot v1, https://goo.gl/fbAQLP

exports[`Recipe renders properly 1`] = `
"<div class=\\"recipe\\">
  <h1 itemprop=\\"name\\"></h1>
  <p itemprop=\\"description\\">
    <read-more-stub morestr=\\"Read more\\" lessstr=\\"Read less\\" link=\\"#\\" stop=\\"120\\" clamp=\\"...\\"></read-more-stub>
  </p>
  <!---->
  <section>
    <v-row-stub tag=\\"div\\">
      <v-col-stub tag=\\"div\\">
        <v-chip-stub activeclass=\\"\\" tag=\\"span\\" active=\\"true\\" closeicon=\\"$delete\\" filtericon=\\"$complete\\" label=\\"true\\" style=\\"background: none;\\"><span itemprop=\\"ratingValue\\">4.9</span>
          <v-rating-stub color=\\"primary\\" opendelay=\\"0\\" closedelay=\\"0\\" ripple=\\"true\\" backgroundcolor=\\"accent\\" dense=\\"true\\" emptyicon=\\"$ratingEmpty\\" fullicon=\\"$ratingFull\\" halficon=\\"$ratingHalf\\" length=\\"5\\" readonly=\\"true\\" value=\\"4.93\\"></v-rating-stub> <span itemprop=\\"ratingCount\\">(1)</span></v-chip-stub>
        <!---->
        <!---->
        <v-chip-stub activeclass=\\"\\" tag=\\"span\\" active=\\"true\\" closeicon=\\"$delete\\" filtericon=\\"$complete\\" label=\\"true\\" style=\\"background: none; overflow: visible; padding: 0px;\\">
          <share-stub class=\\"d-inline-block\\"></share-stub>
        </v-chip-stub>
      </v-col-stub>
    </v-row-stub>
  </section>
  <v-expansion-panels-stub value=\\"0,1,2\\" activeclass=\\"v-item--active\\" multiple=\\"true\\" accordion=\\"true\\">
    <v-expansion-panel-stub>
      <v-expansion-panel-header-stub expandicon=\\"$expand\\">
        <h2>Ingredients</h2>
      </v-expansion-panel-header-stub>
      <v-expansion-panel-content-stub eager=\\"true\\">
        <v-data-iterator-stub mobilebreakpoint=\\"600\\" items=\\"\\" options=\\"[object Object]\\" sortby=\\"\\" sortdesc=\\"\\" customsort=\\"function sortItems(items, sortBy, sortDesc, locale, customSorters) {
          if (sortBy === null || !sortBy.length) return items;
          var stringCollator = new Intl.Collator(locale, {
            sensitivity: 'accent',
            usage: 'sort'
          });
          return items.sort(function (a, b) {
            var _a, _b;

            for (var i = 0; i < sortBy.length; i++) {
              var sortKey = sortBy[i];
              var sortA = getObjectValueByPath(a, sortKey);
              var sortB = getObjectValueByPath(b, sortKey);

              if (sortDesc[i]) {
                _a = __read([sortB, sortA], 2), sortA = _a[0], sortB = _a[1];
              }

              if (customSorters &amp;&amp; customSorters[sortKey]) {
                var customResult = customSorters[sortKey](sortA, sortB);
                if (!customResult) continue;
                return customResult;
              } // Check if both cannot be evaluated


              if (sortA === null &amp;&amp; sortB === null) {
                continue;
              }

              _b = __read([sortA, sortB].map(function (s) {
                return (s || '').toString().toLocaleLowerCase();
              }), 2), sortA = _b[0], sortB = _b[1];

              if (sortA !== sortB) {
                if (!isNaN(sortA) &amp;&amp; !isNaN(sortB)) return Number(sortA) - Number(sortB);
                return stringCollator.compare(sortA, sortB);
              }
            }

            return 0;
          });
        }\\" page=\\"1\\" itemsperpage=\\"-1\\" groupby=\\"\\" groupdesc=\\"\\" customgroup=\\"function groupItems(items, groupBy, groupDesc) {
          var key = groupBy[0];
          var groups = [];
          var current = null;

          for (var i = 0; i < items.length; i++) {
            var item = items[i];
            var val = getObjectValueByPath(item, key);

            if (current !== val) {
              current = val;
              groups.push({
                name: val,
                items: []
              });
            }

            groups[groups.length - 1].items.push(item);
          }

          return groups;
        }\\" locale=\\"en-US\\" customfilter=\\"function searchItems(items, search) {
          if (!search) return items;
          search = search.toString().toLowerCase();
          if (search.trim() === '') return items;
          return items.filter(function (item) {
            return Object.keys(item).some(function (key) {
              return defaultFilter(getObjectValueByPath(item, key), search, item);
            });
          });
        }\\" serveritemslength=\\"-1\\" itemkey=\\"id\\" value=\\"\\" expanded=\\"\\" noresultstext=\\"$vuetify.dataIterator.noResultsText\\" nodatatext=\\"$vuetify.noDataText\\" loadingtext=\\"$vuetify.dataIterator.loadingText\\" hidedefaultfooter=\\"true\\" selectablekey=\\"isSelectable\\"></v-data-iterator-stub>
      </v-expansion-panel-content-stub>
    </v-expansion-panel-stub>
    <v-expansion-panel-stub class=\\"my-4\\">
      <v-expansion-panel-header-stub expandicon=\\"$expand\\">
        <h2>Instructions</h2>
      </v-expansion-panel-header-stub>
      <v-expansion-panel-content-stub eager=\\"true\\">
        <p></p>
      </v-expansion-panel-content-stub>
    </v-expansion-panel-stub>
    <!---->
    <!---->
    <!---->
  </v-expansion-panels-stub>
</div>"
`;
