// Jest Snapshot v1, https://goo.gl/fbAQLP

exports[`ItemComponent renders properly 1`] = `"<card-stub></card-stub>"`;
